From vinay kumbhar to Everyone 04:24 PM
Vinay@DESKTOP-OPGC52V MINGW64 ~/Desktop/workspace (master)
$ git init
Initialized empty Git repository in C:/Users/Vinay/Desktop/workspace/.git/

Vinay@DESKTOP-OPGC52V MINGW64 ~/Desktop/workspace (master)
$ git remote add origin "https://github.com/vinay-kumbhar/paythonbatch1.git"

Vinay@DESKTOP-OPGC52V MINGW64 ~/Desktop/workspace (master)
$ git pull origin master
remote: Enumerating objects: 3, done.
remote: Counting objects: 100% (3/3), done.
remote: Total 3 (delta 0), reused 0 (delta 0), pack-reused 0
Unpacking objects: 100% (3/3), done.
From https://github.com/vinay-kumbhar/paythonbatch1
 * branch            master     -> FETCH_HEAD
 * [new branch]      master     -> origin/master

Vinay@DESKTOP-OPGC52V MINGW64 ~/Desktop/workspace (master)
$ git status
On branch master
Untracked files:
  (use "git add <file>..." to include in what will be committed)
        aaa.txt

nothing added to commit but untracked files present (use "git add" to track)

Vinay@DESKTOP-OPGC52V MINGW64 ~/Desktop/workspace (master)
$ g
